experiment,network,accelerator_configuration,system_config,memory_mode,core_clock,arena_cache_size,sram_bandwidth,dram_bandwidth,on_chip_flash_bandwidth,off_chip_flash_bandwidth,weights_storage_area,feature_map_storage_area,inferences_per_second,batch_size,inference_time,passes_before_fusing,passes_after_fusing,sram_memory_used,dram_memory_used,on_chip_flash_memory_used,off_chip_flash_memory_used,total_original_weights,total_npu_encoded_weights,sram_feature_map_read_bytes,sram_feature_map_write_bytes,sram_weight_read_bytes,sram_weight_write_bytes,sram_total_bytes,dram_feature_map_read_bytes,dram_feature_map_write_bytes,dram_weight_read_bytes,dram_weight_write_bytes,dram_total_bytes,on_chip_flash_feature_map_read_bytes,on_chip_flash_feature_map_write_bytes,on_chip_flash_weight_read_bytes,on_chip_flash_weight_write_bytes,on_chip_flash_total_bytes,off_chip_flash_feature_map_read_bytes,off_chip_flash_feature_map_write_bytes,off_chip_flash_weight_read_bytes,off_chip_flash_weight_write_bytes,off_chip_flash_total_bytes,nn_macs,nn_tops,cycles_npu,cycles_sram_access,cycles_dram_access,cycles_on_chip_flash_access,cycles_off_chip_flash_access,cycles_total
default,hello_world,Ethos_U55_128,Ethos_U55_High_End_Embedded,Sram_Only,500000000.0,4194304.0,3.725290298461914,3.725290298461914,3.725290298461914,0.46566128730773926,On-chip Flash,SRAM,1908396.9465648856,1,5.24e-07,6,2,0.03125,0.0,1.546875,0.0,288,416,33.0,33.0,0.0,0.0,66.0,0.0,0.0,0.0,0.0,0.0,0.0,0.0,422.0,0.0,752.0,0.0,0.0,0.0,0.0,0.0,288,0.0010992366412213741,262.0,9.0,0.0,94.0,0.0,262.0
