experiment,network,accelerator_configuration,system_config,memory_mode,core_clock,arena_cache_size,sram_bandwidth,dram_bandwidth,on_chip_flash_bandwidth,off_chip_flash_bandwidth,weights_storage_area,feature_map_storage_area,inferences_per_second,batch_size,inference_time,passes_before_fusing,passes_after_fusing,sram_memory_used,dram_memory_used,on_chip_flash_memory_used,off_chip_flash_memory_used,total_original_weights,total_npu_encoded_weights,sram_feature_map_read_bytes,sram_feature_map_write_bytes,sram_weight_read_bytes,sram_weight_write_bytes,sram_total_bytes,dram_feature_map_read_bytes,dram_feature_map_write_bytes,dram_weight_read_bytes,dram_weight_write_bytes,dram_total_bytes,on_chip_flash_feature_map_read_bytes,on_chip_flash_feature_map_write_bytes,on_chip_flash_weight_read_bytes,on_chip_flash_weight_write_bytes,on_chip_flash_total_bytes,off_chip_flash_feature_map_read_bytes,off_chip_flash_feature_map_write_bytes,off_chip_flash_weight_read_bytes,off_chip_flash_weight_write_bytes,off_chip_flash_total_bytes,nn_macs,nn_tops,cycles_npu,cycles_sram_access,cycles_dram_access,cycles_on_chip_flash_access,cycles_off_chip_flash_access,cycles_total
default,model_256x480,Ethos_U55_128,Ethos_U55_400MHz_SRAM_3.2_GBs_Flash_3.2_GBs,Shared_Sram,400000000.0,4194304.0,2.9802322387695312,2.9802322387695312,2.9802322387695312,2.9802322387695312,Off-chip Flash,SRAM,38.17182167575442,1,0.026197335,242,2,966.625,0.0,0.0,1094.0,1138128,1038352,21419672.0,9151920.0,16203568.0,1065072.0,47866912.0,0.0,0.0,0.0,0.0,0.0,0.0,0.0,0.0,0.0,0.0,6240.0,0.0,1065072.0,0.0,1075664.0,825472440,0.06301957355585978,9964451.0,4050716.0,0.0,0.0,6656.0,10478934.0
